// Jest Snapshot v1, https://goo.gl/fbAQLP

exports[`TreeViewMenu should render correctly 1`] = `
<ListGroup
  tag="ul"
>
  <Styled(ListGroupItem)
    active={true}
    onClick={[Function]}
    tag="li"
  >
    Release Notes
  </Styled(ListGroupItem)>
  <Styled(ListGroupItem)
    level={1}
    tag="li"
  >
    Developer Portal
  </Styled(ListGroupItem)>
</ListGroup>
`;
