// Jest Snapshot v1, https://goo.gl/fbAQLP

exports[`DemoPage should render correctly 1`] = `
<DemoPage
  history={
    Object {
      "action": "POP",
      "block": [Function],
      "canGo": [Function],
      "createHref": [Function],
      "entries": Array [
        Object {
          "hash": "",
          "key": "path",
          "pathname": "/foo",
          "search": "",
        },
      ],
      "go": [Function],
      "goBack": [Function],
      "goForward": [Function],
      "index": 0,
      "length": 1,
      "listen": [Function],
      "location": Object {
        "hash": "",
        "key": "path",
        "pathname": "/foo",
        "search": "",
      },
      "push": [Function],
      "replace": [Function],
    }
  }
  location={
    Object {
      "hash": "",
      "key": "path",
      "pathname": "/foo",
      "search": "",
    }
  }
  match={
    Object {
      "isExact": true,
      "params": Object {},
      "path": "/foo",
      "url": "/foo",
    }
  }
>
  <mock-tree-view-menu
    activeKey="foo"
    data={
      Array [
        Object {
          "foo": "bar",
        },
      ]
    }
    debounceTime={125}
    onClickItem={[Function]}
    renderGroup={[Function]}
    renderItem={[Function]}
    renderSearch={[Function]}
    search={true}
  />
</DemoPage>
`;
